// Jest Snapshot v1, https://goo.gl/fbAQLP

exports[`graphic snapshot renders 1`] = `
<svg
  viewBox="0 0 102 61"
>
  <path
    className="path"
    d="M 1,50 A 1,1 0 0 1 100,50 L 100,60 L 1,60 Z"
    fill="none"
  />
  <WithStyles(Component)
    angle={0}
    key="0"
    major={true}
    minor={true}
  />
  <WithStyles(Component)
    angle={1}
    key="1"
    major={false}
    minor={false}
  />
  <WithStyles(Component)
    angle={2}
    key="2"
    major={false}
    minor={false}
  />
  <WithStyles(Component)
    angle={3}
    key="3"
    major={false}
    minor={false}
  />
  <WithStyles(Component)
    angle={4}
    key="4"
    major={false}
    minor={false}
  />
  <WithStyles(Component)
    angle={5}
    key="5"
    major={false}
    minor={true}
  />
  <WithStyles(Component)
    angle={6}
    key="6"
    major={false}
    minor={false}
  />
  <WithStyles(Component)
    angle={7}
    key="7"
    major={false}
    minor={false}
  />
  <WithStyles(Component)
    angle={8}
    key="8"
    major={false}
    minor={false}
  />
  <WithStyles(Component)
    angle={9}
    key="9"
    major={false}
    minor={false}
  />
  <WithStyles(Component)
    angle={10}
    key="10"
    major={true}
    minor={true}
  />
  <WithStyles(Component)
    angle={11}
    key="11"
    major={false}
    minor={false}
  />
  <WithStyles(Component)
    angle={12}
    key="12"
    major={false}
    minor={false}
  />
  <WithStyles(Component)
    angle={13}
    key="13"
    major={false}
    minor={false}
  />
  <WithStyles(Component)
    angle={14}
    key="14"
    major={false}
    minor={false}
  />
  <WithStyles(Component)
    angle={15}
    key="15"
    major={false}
    minor={true}
  />
  <WithStyles(Component)
    angle={16}
    key="16"
    major={false}
    minor={false}
  />
  <WithStyles(Component)
    angle={17}
    key="17"
    major={false}
    minor={false}
  />
  <WithStyles(Component)
    angle={18}
    key="18"
    major={false}
    minor={false}
  />
  <WithStyles(Component)
    angle={19}
    key="19"
    major={false}
    minor={false}
  />
  <WithStyles(Component)
    angle={20}
    key="20"
    major={true}
    minor={true}
  />
  <WithStyles(Component)
    angle={21}
    key="21"
    major={false}
    minor={false}
  />
  <WithStyles(Component)
    angle={22}
    key="22"
    major={false}
    minor={false}
  />
  <WithStyles(Component)
    angle={23}
    key="23"
    major={false}
    minor={false}
  />
  <WithStyles(Component)
    angle={24}
    key="24"
    major={false}
    minor={false}
  />
  <WithStyles(Component)
    angle={25}
    key="25"
    major={false}
    minor={true}
  />
  <WithStyles(Component)
    angle={26}
    key="26"
    major={false}
    minor={false}
  />
  <WithStyles(Component)
    angle={27}
    key="27"
    major={false}
    minor={false}
  />
  <WithStyles(Component)
    angle={28}
    key="28"
    major={false}
    minor={false}
  />
  <WithStyles(Component)
    angle={29}
    key="29"
    major={false}
    minor={false}
  />
  <WithStyles(Component)
    angle={30}
    key="30"
    major={true}
    minor={true}
  />
  <WithStyles(Component)
    angle={31}
    key="31"
    major={false}
    minor={false}
  />
  <WithStyles(Component)
    angle={32}
    key="32"
    major={false}
    minor={false}
  />
  <WithStyles(Component)
    angle={33}
    key="33"
    major={false}
    minor={false}
  />
  <WithStyles(Component)
    angle={34}
    key="34"
    major={false}
    minor={false}
  />
  <WithStyles(Component)
    angle={35}
    key="35"
    major={false}
    minor={true}
  />
  <WithStyles(Component)
    angle={36}
    key="36"
    major={false}
    minor={false}
  />
  <WithStyles(Component)
    angle={37}
    key="37"
    major={false}
    minor={false}
  />
  <WithStyles(Component)
    angle={38}
    key="38"
    major={false}
    minor={false}
  />
  <WithStyles(Component)
    angle={39}
    key="39"
    major={false}
    minor={false}
  />
  <WithStyles(Component)
    angle={40}
    key="40"
    major={true}
    minor={true}
  />
  <WithStyles(Component)
    angle={41}
    key="41"
    major={false}
    minor={false}
  />
  <WithStyles(Component)
    angle={42}
    key="42"
    major={false}
    minor={false}
  />
  <WithStyles(Component)
    angle={43}
    key="43"
    major={false}
    minor={false}
  />
  <WithStyles(Component)
    angle={44}
    key="44"
    major={false}
    minor={false}
  />
  <WithStyles(Component)
    angle={45}
    key="45"
    major={false}
    minor={true}
  />
  <WithStyles(Component)
    angle={46}
    key="46"
    major={false}
    minor={false}
  />
  <WithStyles(Component)
    angle={47}
    key="47"
    major={false}
    minor={false}
  />
  <WithStyles(Component)
    angle={48}
    key="48"
    major={false}
    minor={false}
  />
  <WithStyles(Component)
    angle={49}
    key="49"
    major={false}
    minor={false}
  />
  <WithStyles(Component)
    angle={50}
    key="50"
    major={true}
    minor={true}
  />
  <WithStyles(Component)
    angle={51}
    key="51"
    major={false}
    minor={false}
  />
  <WithStyles(Component)
    angle={52}
    key="52"
    major={false}
    minor={false}
  />
  <WithStyles(Component)
    angle={53}
    key="53"
    major={false}
    minor={false}
  />
  <WithStyles(Component)
    angle={54}
    key="54"
    major={false}
    minor={false}
  />
  <WithStyles(Component)
    angle={55}
    key="55"
    major={false}
    minor={true}
  />
  <WithStyles(Component)
    angle={56}
    key="56"
    major={false}
    minor={false}
  />
  <WithStyles(Component)
    angle={57}
    key="57"
    major={false}
    minor={false}
  />
  <WithStyles(Component)
    angle={58}
    key="58"
    major={false}
    minor={false}
  />
  <WithStyles(Component)
    angle={59}
    key="59"
    major={false}
    minor={false}
  />
  <WithStyles(Component)
    angle={60}
    key="60"
    major={true}
    minor={true}
  />
  <WithStyles(Component)
    angle={61}
    key="61"
    major={false}
    minor={false}
  />
  <WithStyles(Component)
    angle={62}
    key="62"
    major={false}
    minor={false}
  />
  <WithStyles(Component)
    angle={63}
    key="63"
    major={false}
    minor={false}
  />
  <WithStyles(Component)
    angle={64}
    key="64"
    major={false}
    minor={false}
  />
  <WithStyles(Component)
    angle={65}
    key="65"
    major={false}
    minor={true}
  />
  <WithStyles(Component)
    angle={66}
    key="66"
    major={false}
    minor={false}
  />
  <WithStyles(Component)
    angle={67}
    key="67"
    major={false}
    minor={false}
  />
  <WithStyles(Component)
    angle={68}
    key="68"
    major={false}
    minor={false}
  />
  <WithStyles(Component)
    angle={69}
    key="69"
    major={false}
    minor={false}
  />
  <WithStyles(Component)
    angle={70}
    key="70"
    major={true}
    minor={true}
  />
  <WithStyles(Component)
    angle={71}
    key="71"
    major={false}
    minor={false}
  />
  <WithStyles(Component)
    angle={72}
    key="72"
    major={false}
    minor={false}
  />
  <WithStyles(Component)
    angle={73}
    key="73"
    major={false}
    minor={false}
  />
  <WithStyles(Component)
    angle={74}
    key="74"
    major={false}
    minor={false}
  />
  <WithStyles(Component)
    angle={75}
    key="75"
    major={false}
    minor={true}
  />
  <WithStyles(Component)
    angle={76}
    key="76"
    major={false}
    minor={false}
  />
  <WithStyles(Component)
    angle={77}
    key="77"
    major={false}
    minor={false}
  />
  <WithStyles(Component)
    angle={78}
    key="78"
    major={false}
    minor={false}
  />
  <WithStyles(Component)
    angle={79}
    key="79"
    major={false}
    minor={false}
  />
  <WithStyles(Component)
    angle={80}
    key="80"
    major={true}
    minor={true}
  />
  <WithStyles(Component)
    angle={81}
    key="81"
    major={false}
    minor={false}
  />
  <WithStyles(Component)
    angle={82}
    key="82"
    major={false}
    minor={false}
  />
  <WithStyles(Component)
    angle={83}
    key="83"
    major={false}
    minor={false}
  />
  <WithStyles(Component)
    angle={84}
    key="84"
    major={false}
    minor={false}
  />
  <WithStyles(Component)
    angle={85}
    key="85"
    major={false}
    minor={true}
  />
  <WithStyles(Component)
    angle={86}
    key="86"
    major={false}
    minor={false}
  />
  <WithStyles(Component)
    angle={87}
    key="87"
    major={false}
    minor={false}
  />
  <WithStyles(Component)
    angle={88}
    key="88"
    major={false}
    minor={false}
  />
  <WithStyles(Component)
    angle={89}
    key="89"
    major={false}
    minor={false}
  />
  <WithStyles(Component)
    angle={90}
    key="90"
    major={true}
    minor={true}
  />
  <WithStyles(Component)
    angle={91}
    key="91"
    major={false}
    minor={false}
  />
  <WithStyles(Component)
    angle={92}
    key="92"
    major={false}
    minor={false}
  />
  <WithStyles(Component)
    angle={93}
    key="93"
    major={false}
    minor={false}
  />
  <WithStyles(Component)
    angle={94}
    key="94"
    major={false}
    minor={false}
  />
  <WithStyles(Component)
    angle={95}
    key="95"
    major={false}
    minor={true}
  />
  <WithStyles(Component)
    angle={96}
    key="96"
    major={false}
    minor={false}
  />
  <WithStyles(Component)
    angle={97}
    key="97"
    major={false}
    minor={false}
  />
  <WithStyles(Component)
    angle={98}
    key="98"
    major={false}
    minor={false}
  />
  <WithStyles(Component)
    angle={99}
    key="99"
    major={false}
    minor={false}
  />
  <WithStyles(Component)
    angle={100}
    key="100"
    major={true}
    minor={true}
  />
  <WithStyles(Component)
    angle={101}
    key="101"
    major={false}
    minor={false}
  />
  <WithStyles(Component)
    angle={102}
    key="102"
    major={false}
    minor={false}
  />
  <WithStyles(Component)
    angle={103}
    key="103"
    major={false}
    minor={false}
  />
  <WithStyles(Component)
    angle={104}
    key="104"
    major={false}
    minor={false}
  />
  <WithStyles(Component)
    angle={105}
    key="105"
    major={false}
    minor={true}
  />
  <WithStyles(Component)
    angle={106}
    key="106"
    major={false}
    minor={false}
  />
  <WithStyles(Component)
    angle={107}
    key="107"
    major={false}
    minor={false}
  />
  <WithStyles(Component)
    angle={108}
    key="108"
    major={false}
    minor={false}
  />
  <WithStyles(Component)
    angle={109}
    key="109"
    major={false}
    minor={false}
  />
  <WithStyles(Component)
    angle={110}
    key="110"
    major={true}
    minor={true}
  />
  <WithStyles(Component)
    angle={111}
    key="111"
    major={false}
    minor={false}
  />
  <WithStyles(Component)
    angle={112}
    key="112"
    major={false}
    minor={false}
  />
  <WithStyles(Component)
    angle={113}
    key="113"
    major={false}
    minor={false}
  />
  <WithStyles(Component)
    angle={114}
    key="114"
    major={false}
    minor={false}
  />
  <WithStyles(Component)
    angle={115}
    key="115"
    major={false}
    minor={true}
  />
  <WithStyles(Component)
    angle={116}
    key="116"
    major={false}
    minor={false}
  />
  <WithStyles(Component)
    angle={117}
    key="117"
    major={false}
    minor={false}
  />
  <WithStyles(Component)
    angle={118}
    key="118"
    major={false}
    minor={false}
  />
  <WithStyles(Component)
    angle={119}
    key="119"
    major={false}
    minor={false}
  />
  <WithStyles(Component)
    angle={120}
    key="120"
    major={true}
    minor={true}
  />
  <WithStyles(Component)
    angle={121}
    key="121"
    major={false}
    minor={false}
  />
  <WithStyles(Component)
    angle={122}
    key="122"
    major={false}
    minor={false}
  />
  <WithStyles(Component)
    angle={123}
    key="123"
    major={false}
    minor={false}
  />
  <WithStyles(Component)
    angle={124}
    key="124"
    major={false}
    minor={false}
  />
  <WithStyles(Component)
    angle={125}
    key="125"
    major={false}
    minor={true}
  />
  <WithStyles(Component)
    angle={126}
    key="126"
    major={false}
    minor={false}
  />
  <WithStyles(Component)
    angle={127}
    key="127"
    major={false}
    minor={false}
  />
  <WithStyles(Component)
    angle={128}
    key="128"
    major={false}
    minor={false}
  />
  <WithStyles(Component)
    angle={129}
    key="129"
    major={false}
    minor={false}
  />
  <WithStyles(Component)
    angle={130}
    key="130"
    major={true}
    minor={true}
  />
  <WithStyles(Component)
    angle={131}
    key="131"
    major={false}
    minor={false}
  />
  <WithStyles(Component)
    angle={132}
    key="132"
    major={false}
    minor={false}
  />
  <WithStyles(Component)
    angle={133}
    key="133"
    major={false}
    minor={false}
  />
  <WithStyles(Component)
    angle={134}
    key="134"
    major={false}
    minor={false}
  />
  <WithStyles(Component)
    angle={135}
    key="135"
    major={false}
    minor={true}
  />
  <WithStyles(Component)
    angle={136}
    key="136"
    major={false}
    minor={false}
  />
  <WithStyles(Component)
    angle={137}
    key="137"
    major={false}
    minor={false}
  />
  <WithStyles(Component)
    angle={138}
    key="138"
    major={false}
    minor={false}
  />
  <WithStyles(Component)
    angle={139}
    key="139"
    major={false}
    minor={false}
  />
  <WithStyles(Component)
    angle={140}
    key="140"
    major={true}
    minor={true}
  />
  <WithStyles(Component)
    angle={141}
    key="141"
    major={false}
    minor={false}
  />
  <WithStyles(Component)
    angle={142}
    key="142"
    major={false}
    minor={false}
  />
  <WithStyles(Component)
    angle={143}
    key="143"
    major={false}
    minor={false}
  />
  <WithStyles(Component)
    angle={144}
    key="144"
    major={false}
    minor={false}
  />
  <WithStyles(Component)
    angle={145}
    key="145"
    major={false}
    minor={true}
  />
  <WithStyles(Component)
    angle={146}
    key="146"
    major={false}
    minor={false}
  />
  <WithStyles(Component)
    angle={147}
    key="147"
    major={false}
    minor={false}
  />
  <WithStyles(Component)
    angle={148}
    key="148"
    major={false}
    minor={false}
  />
  <WithStyles(Component)
    angle={149}
    key="149"
    major={false}
    minor={false}
  />
  <WithStyles(Component)
    angle={150}
    key="150"
    major={true}
    minor={true}
  />
  <WithStyles(Component)
    angle={151}
    key="151"
    major={false}
    minor={false}
  />
  <WithStyles(Component)
    angle={152}
    key="152"
    major={false}
    minor={false}
  />
  <WithStyles(Component)
    angle={153}
    key="153"
    major={false}
    minor={false}
  />
  <WithStyles(Component)
    angle={154}
    key="154"
    major={false}
    minor={false}
  />
  <WithStyles(Component)
    angle={155}
    key="155"
    major={false}
    minor={true}
  />
  <WithStyles(Component)
    angle={156}
    key="156"
    major={false}
    minor={false}
  />
  <WithStyles(Component)
    angle={157}
    key="157"
    major={false}
    minor={false}
  />
  <WithStyles(Component)
    angle={158}
    key="158"
    major={false}
    minor={false}
  />
  <WithStyles(Component)
    angle={159}
    key="159"
    major={false}
    minor={false}
  />
  <WithStyles(Component)
    angle={160}
    key="160"
    major={true}
    minor={true}
  />
  <WithStyles(Component)
    angle={161}
    key="161"
    major={false}
    minor={false}
  />
  <WithStyles(Component)
    angle={162}
    key="162"
    major={false}
    minor={false}
  />
  <WithStyles(Component)
    angle={163}
    key="163"
    major={false}
    minor={false}
  />
  <WithStyles(Component)
    angle={164}
    key="164"
    major={false}
    minor={false}
  />
  <WithStyles(Component)
    angle={165}
    key="165"
    major={false}
    minor={true}
  />
  <WithStyles(Component)
    angle={166}
    key="166"
    major={false}
    minor={false}
  />
  <WithStyles(Component)
    angle={167}
    key="167"
    major={false}
    minor={false}
  />
  <WithStyles(Component)
    angle={168}
    key="168"
    major={false}
    minor={false}
  />
  <WithStyles(Component)
    angle={169}
    key="169"
    major={false}
    minor={false}
  />
  <WithStyles(Component)
    angle={170}
    key="170"
    major={true}
    minor={true}
  />
  <WithStyles(Component)
    angle={171}
    key="171"
    major={false}
    minor={false}
  />
  <WithStyles(Component)
    angle={172}
    key="172"
    major={false}
    minor={false}
  />
  <WithStyles(Component)
    angle={173}
    key="173"
    major={false}
    minor={false}
  />
  <WithStyles(Component)
    angle={174}
    key="174"
    major={false}
    minor={false}
  />
  <WithStyles(Component)
    angle={175}
    key="175"
    major={false}
    minor={true}
  />
  <WithStyles(Component)
    angle={176}
    key="176"
    major={false}
    minor={false}
  />
  <WithStyles(Component)
    angle={177}
    key="177"
    major={false}
    minor={false}
  />
  <WithStyles(Component)
    angle={178}
    key="178"
    major={false}
    minor={false}
  />
  <WithStyles(Component)
    angle={179}
    key="179"
    major={false}
    minor={false}
  />
  <WithStyles(Component)
    angle={180}
    key="180"
    major={true}
    minor={true}
  />
  <WithStyles(Component)
    angle={0}
  />
  <WithStyles(Component)
    angle={0}
  />
  <WithStyles(Component)
    angle={10}
  />
  <WithStyles(Component)
    angle={10}
  />
  <WithStyles(Component)
    angle={20}
  />
  <WithStyles(Component)
    angle={20}
  />
  <WithStyles(Component)
    angle={30}
  />
  <WithStyles(Component)
    angle={30}
  />
  <WithStyles(Component)
    angle={40}
  />
  <WithStyles(Component)
    angle={40}
  />
  <WithStyles(Component)
    angle={50}
  />
  <WithStyles(Component)
    angle={50}
  />
  <WithStyles(Component)
    angle={60}
  />
  <WithStyles(Component)
    angle={60}
  />
  <WithStyles(Component)
    angle={70}
  />
  <WithStyles(Component)
    angle={70}
  />
  <WithStyles(Component)
    angle={80}
  />
  <WithStyles(Component)
    angle={80}
  />
  <WithStyles(Component)
    angle={90}
  />
  <WithStyles(Component)
    angle={90}
  />
  <WithStyles(Component)
    angle={100}
  />
  <WithStyles(Component)
    angle={100}
  />
  <WithStyles(Component)
    angle={110}
  />
  <WithStyles(Component)
    angle={110}
  />
  <WithStyles(Component)
    angle={120}
  />
  <WithStyles(Component)
    angle={120}
  />
  <WithStyles(Component)
    angle={130}
  />
  <WithStyles(Component)
    angle={130}
  />
  <WithStyles(Component)
    angle={140}
  />
  <WithStyles(Component)
    angle={140}
  />
  <WithStyles(Component)
    angle={150}
  />
  <WithStyles(Component)
    angle={150}
  />
  <WithStyles(Component)
    angle={160}
  />
  <WithStyles(Component)
    angle={160}
  />
  <WithStyles(Component)
    angle={170}
  />
  <WithStyles(Component)
    angle={170}
  />
  <WithStyles(Component)
    angle={180}
  />
  <WithStyles(Component)
    angle={180}
  />
  <circle
    className="circle"
    cx="50.5"
    cy="50"
    r="4"
  />
  <line
    className="line"
    x1="48.5"
    x2="52.5"
    y1="50"
    y2="50"
  />
  <line
    className="line"
    transform="rotate(90 50.5 50)"
    x1="48.5"
    x2="52.5"
    y1="50"
    y2="50"
  />
</svg>
`;
