// Jest Snapshot v1, https://goo.gl/fbAQLP

exports[`table-toolbar snapshot renders 1`] = `
<div
  className="table-toolbar"
>
  <div>
    <Jss(RawButton)
      onClick={[MockFunction]}
    >
      <WithStyles(Component) />
    </Jss(RawButton)>
    <Jss(RawButton)
      onClick={[MockFunction]}
    >
      <WithStyles(Component) />
    </Jss(RawButton)>
    <Jss(RawButton)
      onClick={[MockFunction]}
    >
      <WithStyles(Component) />
    </Jss(RawButton)>
    <Jss(RawButton)
      onClick={[MockFunction]}
    >
      <WithStyles(Component) />
    </Jss(RawButton)>
    <Jss(RawButton)
      onClick={[MockFunction]}
    >
      <WithStyles(Component) />
    </Jss(RawButton)>
    <Jss(RawButton)
      active={true}
      onClick={[MockFunction]}
    >
      <pure(BorderAllIcon) />
    </Jss(RawButton)>
  </div>
  <WithStyles(RawDoneButton)
    onClick={[Function]}
  />
</div>
`;
