// Jest Snapshot v1, https://goo.gl/fbAQLP

exports[`BgCircle snapshot renders 1`] = `
<RawCircle
  className="className"
  classes={
    Object {
      "bgCircle": "RawCircle-bgCircle-1",
      "correct": "RawCircle-correct-3",
      "disabled": "RawCircle-disabled-2",
      "incorrect": "RawCircle-incorrect-4",
      "missing": "RawCircle-missing-5",
    }
  }
  graphProps={
    Object {
      "domain": Object {
        "max": 1,
        "min": 0,
        "step": 1,
      },
      "range": Object {
        "max": 1,
        "min": 0,
        "step": 1,
      },
      "scale": Object {
        "x": [MockFunction],
        "y": [MockFunction],
      },
      "size": Object {
        "height": 400,
        "width": 400,
      },
      "snap": Object {
        "x": [MockFunction],
        "y": [MockFunction],
      },
    }
  }
  onChange={[MockFunction]}
  x={0}
  y={0}
/>
`;
