// Jest Snapshot v1, https://goo.gl/fbAQLP

exports[`Polygon snapshot renders 1`] = `
<RawPolygon
  className="className"
  classes={
    Object {
      "closed": "RawPolygon-closed-1",
      "correct": "RawPolygon-correct-6",
      "disabled": "RawPolygon-disabled-5",
      "gssClosed": "RawPolygon-gssClosed-3",
      "gssSolution": "RawPolygon-gssSolution-4",
      "incorrect": "RawPolygon-incorrect-7",
      "open": "RawPolygon-open-2",
    }
  }
  closed={false}
  graphProps={
    Object {
      "domain": Object {
        "max": 1,
        "min": 0,
        "step": 1,
      },
      "range": Object {
        "max": 1,
        "min": 0,
        "step": 1,
      },
      "scale": Object {
        "x": [MockFunction],
        "y": [MockFunction],
      },
      "size": Object {
        "height": 400,
        "width": 400,
      },
      "snap": Object {
        "x": [MockFunction],
        "y": [MockFunction],
      },
    }
  }
  points={
    Array [
      Object {
        "x": 1,
        "y": 1,
      },
    ]
  }
/>
`;
