// Jest Snapshot v1, https://goo.gl/fbAQLP

exports[`layout - snapshot renders correctly with a side panel 1`] = `
<MeasuredConfigLayout
  contentRect={
    Object {
      "bounds": Object {},
      "client": Object {},
      "entry": Object {},
      "margin": Object {},
      "offset": Object {},
      "scroll": Object {},
    }
  }
  dimensions={Object {}}
  hideSettings={false}
  measure={[Function]}
  measureRef={[Function]}
  settings={
    <div>
      <div>
        Foo
      </div>
      <div>
        Bar
      </div>
    </div>
  }
  sidePanelMinWidth={950}
>
  <div>
    <div>
      Foo
    </div>
    <div>
      Bar
    </div>
  </div>
</MeasuredConfigLayout>
`;

exports[`layout - snapshot renders correctly without a side panel 1`] = `
<MeasuredConfigLayout
  contentRect={
    Object {
      "bounds": Object {},
      "client": Object {},
      "entry": Object {},
      "margin": Object {},
      "offset": Object {},
      "scroll": Object {},
    }
  }
  dimensions={Object {}}
  hideSettings={false}
  measure={[Function]}
  measureRef={[Function]}
  settings={
    <div>
      <div>
        Foo
      </div>
      <div>
        Bar
      </div>
    </div>
  }
  sidePanelMinWidth={950}
>
  <div>
    <div>
      Foo
    </div>
    <div>
      Bar
    </div>
  </div>
</MeasuredConfigLayout>
`;
