// Jest Snapshot v1, https://goo.gl/fbAQLP

exports[`ArrowPoint snapshot renders 1`] = `
<RawArrow
  className="className"
  classes={
    Object {
      "correct": "RawArrow-correct-3",
      "disabled": "RawArrow-disabled-2",
      "incorrect": "RawArrow-incorrect-4",
      "point": "RawArrow-point-1",
    }
  }
  graphProps={
    Object {
      "domain": Object {
        "max": 1,
        "min": 0,
        "step": 1,
      },
      "range": Object {
        "max": 1,
        "min": 0,
        "step": 1,
      },
      "scale": Object {
        "x": [MockFunction],
        "y": [MockFunction],
      },
      "size": Object {
        "height": 400,
        "width": 400,
      },
      "snap": Object {
        "x": [MockFunction],
        "y": [MockFunction],
      },
    }
  }
  onChange={[MockFunction]}
/>
`;
