// Jest Snapshot v1, https://goo.gl/fbAQLP

exports[`LinePath snapshot renders 1`] = `
<RawLinePath
  className="className"
  classes={
    Object {
      "disabled": "RawLinePath-disabled-4",
      "dragging": "RawLinePath-dragging-3",
      "drawLine": "RawLinePath-drawLine-1",
      "line": "RawLinePath-line-2",
    }
  }
  from={
    Object {
      "x": 0,
      "y": 0,
    }
  }
  graphProps={
    Object {
      "domain": Object {
        "max": 1,
        "min": 0,
        "step": 1,
      },
      "range": Object {
        "max": 1,
        "min": 0,
        "step": 1,
      },
      "scale": Object {
        "x": [MockFunction],
        "y": [MockFunction],
      },
      "size": Object {
        "height": 400,
        "width": 400,
      },
      "snap": Object {
        "x": [MockFunction],
        "y": [MockFunction],
      },
    }
  }
  onChange={[MockFunction]}
  to={
    Object {
      "x": 1,
      "y": 1,
    }
  }
/>
`;
