// Jest Snapshot v1, https://goo.gl/fbAQLP

exports[`text-select snapshot renders 1`] = `
<WithStyles(TokenSelect)
  maxNoOfSelections={4}
  onChange={[Function]}
  tokens={
    Array [
      Object {
        "correct": undefined,
        "end": 3,
        "isMissing": undefined,
        "selectable": undefined,
        "selected": false,
        "start": 0,
        "text": "foo",
      },
    ]
  }
/>
`;
