// Jest Snapshot v1, https://goo.gl/fbAQLP

exports[`BgCircle snapshot renders 1`] = `
<RawSegment
  className="className"
  classes={
    Object {
      "bgSegment": "RawSegment-bgSegment-1",
      "correct": "RawSegment-correct-3",
      "disabled": "RawSegment-disabled-2",
      "incorrect": "RawSegment-incorrect-4",
    }
  }
  firstEnd={
    Object {
      "x": 0,
      "y": 0,
    }
  }
  graphProps={
    Object {
      "domain": Object {
        "max": 1,
        "min": 0,
        "step": 1,
      },
      "range": Object {
        "max": 1,
        "min": 0,
        "step": 1,
      },
      "scale": Object {
        "x": [MockFunction],
        "y": [MockFunction],
      },
      "size": Object {
        "height": 400,
        "width": 400,
      },
      "snap": Object {
        "x": [MockFunction],
        "y": [MockFunction],
      },
    }
  }
  onChange={[MockFunction]}
  secondEnd={
    Object {
      "x": 0,
      "y": 0,
    }
  }
/>
`;
