// Jest Snapshot v1, https://goo.gl/fbAQLP

exports[`ArrowPoint snapshot renders 1`] = `
<RawArrow
  className="className"
  classes={
    Object {
      "correct": "RawArrow-correct-4",
      "disabled": "RawArrow-disabled-2",
      "disabledSecondary": "RawArrow-disabledSecondary-3",
      "incorrect": "RawArrow-incorrect-5",
      "missing": "RawArrow-missing-6",
      "point": "RawArrow-point-1",
    }
  }
  from={
    Object {
      "x": 0,
      "y": 0,
    }
  }
  graphProps={
    Object {
      "domain": Object {
        "max": 1,
        "min": 0,
        "step": 1,
      },
      "range": Object {
        "max": 1,
        "min": 0,
        "step": 1,
      },
      "scale": Object {
        "x": [MockFunction],
        "y": [MockFunction],
      },
      "size": Object {
        "height": 400,
        "width": 400,
      },
      "snap": Object {
        "x": [MockFunction],
        "y": [MockFunction],
      },
    }
  }
  onChange={[MockFunction]}
  to={
    Object {
      "x": 1,
      "y": 1,
    }
  }
/>
`;
