// Jest Snapshot v1, https://goo.gl/fbAQLP

exports[`ArrowedLine snapshot renders 1`] = `
<g>
  <defs>
    <ArrowMarker
      className=""
      id="1-enabled"
      size={5}
    />
  </defs>
  <line
    className="className"
    markerEnd="url(#1-enabled)"
    markerId="1"
    markerStart="url(#1-enabled)"
    onChange={[MockFunction]}
  />
</g>
`;
