// Jest Snapshot v1, https://goo.gl/fbAQLP

exports[`Component snapshot renders 1`] = `""`;
