// Jest Snapshot v1, https://goo.gl/fbAQLP

exports[`layout - snapshot renders correctly with a side panel 1`] = `
<WithContentRect
  classes={
    Object {
      "extraCSSRules": "WithContentRect-extraCSSRules-1",
    }
  }
  settings={
    <div>
      <div>
        Foo
      </div>
      <div>
        Bar
      </div>
    </div>
  }
>
  <div>
    <div>
      Foo
    </div>
    <div>
      Bar
    </div>
  </div>
</WithContentRect>
`;

exports[`layout - snapshot renders correctly without a side panel 1`] = `
<WithContentRect
  classes={
    Object {
      "extraCSSRules": "WithContentRect-extraCSSRules-1",
    }
  }
  settings={
    <div>
      <div>
        Foo
      </div>
      <div>
        Bar
      </div>
    </div>
  }
>
  <div>
    <div>
      Foo
    </div>
    <div>
      Bar
    </div>
  </div>
</WithContentRect>
`;
