// Jest Snapshot v1, https://goo.gl/fbAQLP

exports[`renders correctly 1`] = `
<div
  className="ImageToolbar-holder-1 holder"
>
  <button
    aria-label="left"
    aria-pressed={false}
    className="RawMarkButton-button-4"
    onKeyDown={[Function]}
    onMouseDown={[Function]}
    tabIndex={0}
  >
    left
  </button>
  <button
    aria-label="center"
    aria-pressed={false}
    className="RawMarkButton-button-4"
    onKeyDown={[Function]}
    onMouseDown={[Function]}
    tabIndex={0}
  >
    center
  </button>
  <button
    aria-label="right"
    aria-pressed={false}
    className="RawMarkButton-button-4"
    onKeyDown={[Function]}
    onMouseDown={[Function]}
    tabIndex={0}
  >
    right
  </button>
  <span
    className="ImageToolbar-disabled-2 ImageToolbar-altButton-3"
    onMouseDown={[Function]}
  >
    Alt text
  </span>
</div>
`;
