// Jest Snapshot v1, https://goo.gl/fbAQLP

exports[`BasePoint snapshot renders 1`] = `
<RawDragHandle
  className="className"
  classes={
    Object {
      "handle": "RawDragHandle-handle-1",
      "line": "RawDragHandle-line-2",
    }
  }
  graphProps={
    Object {
      "domain": Object {
        "max": 1,
        "min": 0,
        "step": 1,
      },
      "range": Object {
        "max": 1,
        "min": 0,
        "step": 1,
      },
      "scale": Object {
        "x": [MockFunction],
        "y": [MockFunction],
      },
      "size": Object {
        "height": 400,
        "width": 400,
      },
      "snap": Object {
        "x": [MockFunction],
        "y": [MockFunction],
      },
    }
  }
  onChange={[MockFunction]}
  width={100}
  x={0}
  y={0}
/>
`;
