// Jest Snapshot v1, https://goo.gl/fbAQLP

exports[`LineChart snapshot renders 1`] = `
<Line
  CustomDraggableComponent={[Function]}
  className="className"
  classes={Object {}}
  graphProps={
    Object {
      "domain": Object {
        "max": 1,
        "min": 0,
        "step": 1,
      },
      "range": Object {
        "max": 1,
        "min": 0,
        "step": 1,
      },
      "scale": Object {
        "x": [MockFunction],
        "y": [MockFunction],
      },
      "size": Object {
        "height": 400,
        "width": 400,
      },
      "snap": Object {
        "x": [MockFunction],
        "y": [MockFunction],
      },
    }
  }
  xBand={[Function]}
/>
`;

exports[`LineChart snapshot renders without graphProps 1`] = `
<Line
  CustomDraggableComponent={[Function]}
  className="className"
  classes={Object {}}
  xBand={[Function]}
/>
`;
