// Jest Snapshot v1, https://goo.gl/fbAQLP

exports[`Line snapshot renders 1`] = `
<line
  className="className"
  onChange={[MockFunction]}
  stroke="green"
  strokeWidth="6"
  x1={0}
  x2={1}
  y1={0}
  y2={1}
/>
`;
