// Jest Snapshot v1, https://goo.gl/fbAQLP

exports[`Labels snapshot renders 1`] = `
<Fragment>
  <WithStyles(RawLabel)
    key="left"
    mathMlOptions={Object {}}
    onChange={[Function]}
    side="left"
  />
  <WithStyles(RawLabel)
    key="top"
    mathMlOptions={Object {}}
    onChange={[Function]}
    side="top"
  />
  <WithStyles(RawLabel)
    key="bottom"
    mathMlOptions={Object {}}
    onChange={[Function]}
    side="bottom"
  />
  <WithStyles(RawLabel)
    key="right"
    mathMlOptions={Object {}}
    onChange={[Function]}
    side="right"
  />
</Fragment>
`;
