// Jest Snapshot v1, https://goo.gl/fbAQLP

exports[`Component snapshot renders 1`] = `
<RootEdge
  edge={
    Object {
      "x": 2,
      "y": 3,
    }
  }
  graphProps={
    Object {
      "domain": Object {
        "max": 1,
        "min": 0,
        "step": 1,
      },
      "range": Object {
        "max": 1,
        "min": 0,
        "step": 1,
      },
      "scale": Object {
        "x": [MockFunction],
        "y": [MockFunction],
      },
      "size": Object {
        "height": 400,
        "width": 400,
      },
      "snap": Object {
        "x": [MockFunction],
        "y": [MockFunction],
      },
    }
  }
  onChange={[Function]}
  onClick={[Function]}
  root={
    Object {
      "x": 0,
      "y": 0,
    }
  }
/>
`;
